// Jest Snapshot v1, https://goo.gl/fbAQLP

exports[`Custom Reports Page renders Correctly 1`] = `
<div
  className="sc-hiKfjK csceFZ"
>
  <div
    className="sc-dIvqjp GXvTt"
  >
    <div
      className="sc-hHEjAm iyJgp"
    >
      <div
        className="sc-fKgIGh bFPAGI"
      >
        Folders
      </div>
      <div
        className="sc-iwaifL jgzifN"
      >
        <button
          className="sc-bdnylx iUsuKv"
          disabled={false}
          onClick={[Function]}
          style={Object {}}
        >
          New Folder
        </button>
        <button
          className="sc-bdnylx dYkfvg"
          disabled={false}
          onClick={[Function]}
          style={Object {}}
        >
          Reorder
        </button>
      </div>
    </div>
    <input
      className="sc-cxNIbT llUZnM"
      onChange={[Function]}
      placeholder="Search"
      type="text"
      value=""
    />
    <div
      className="sc-dlMBXb bZPHkC"
    >
      <div
        className="sc-kfYqjs"
      >
        <div
          className="sc-ksluoS iijERe"
          onClick={[Function]}
          onMouseEnter={[Function]}
          onMouseLeave={[Function]}
        >
          <div
            className="sc-hBMVcZ hiJaYW"
          >
            All Reports
          </div>
        </div>
        <div
          className="sc-ksluoS gNxkFq"
          onClick={[Function]}
          onMouseEnter={[Function]}
          onMouseLeave={[Function]}
        >
          <div
            className="sc-hBMVcZ hiJaYW"
          >
            Favorites
          </div>
        </div>
        <div
          className="sc-ksluoS gNxkFq"
          onClick={[Function]}
          onMouseEnter={[Function]}
          onMouseLeave={[Function]}
        >
          <div
            className="sc-hBMVcZ hiJaYW"
          >
            Recent
          </div>
        </div>
        <div
          className="sc-ksluoS gNxkFq"
          onClick={[Function]}
          onMouseEnter={[Function]}
          onMouseLeave={[Function]}
        >
          <div
            className="sc-hBMVcZ hiJaYW"
          >
            Created by Me blah blah blah blah blah blah blah blah
          </div>
        </div>
        <div
          className="sc-ksluoS gNxkFq"
          onClick={[Function]}
          onMouseEnter={[Function]}
          onMouseLeave={[Function]}
        >
          <div
            className="sc-hBMVcZ hiJaYW"
          >
            Shared
          </div>
        </div>
        <div
          className="sc-ksluoS gNxkFq"
          onClick={[Function]}
          onMouseEnter={[Function]}
          onMouseLeave={[Function]}
        >
          <div
            className="sc-hBMVcZ hiJaYW"
          >
            Scheduled
          </div>
        </div>
        <div
          className="sc-ksluoS gNxkFq"
          onClick={[Function]}
          onMouseEnter={[Function]}
          onMouseLeave={[Function]}
        >
          <div
            className="sc-hBMVcZ hiJaYW"
          >
            Job Reports
          </div>
        </div>
        <div
          className="sc-ksluoS gNxkFq"
          onClick={[Function]}
          onMouseEnter={[Function]}
          onMouseLeave={[Function]}
        >
          <div
            className="sc-hBMVcZ hiJaYW"
          >
            Productivity Reports
          </div>
        </div>
        <div
          className="sc-ksluoS gNxkFq"
          onClick={[Function]}
          onMouseEnter={[Function]}
          onMouseLeave={[Function]}
        >
          <div
            className="sc-hBMVcZ hiJaYW"
          >
            Created by Me2
          </div>
        </div>
        <div
          className="sc-ksluoS gNxkFq"
          onClick={[Function]}
          onMouseEnter={[Function]}
          onMouseLeave={[Function]}
        >
          <div
            className="sc-hBMVcZ hiJaYW"
          >
            Shared2
          </div>
        </div>
        <div
          className="sc-ksluoS gNxkFq"
          onClick={[Function]}
          onMouseEnter={[Function]}
          onMouseLeave={[Function]}
        >
          <div
            className="sc-hBMVcZ hiJaYW"
          >
            Scheduled2
          </div>
        </div>
        <div
          className="sc-ksluoS gNxkFq"
          onClick={[Function]}
          onMouseEnter={[Function]}
          onMouseLeave={[Function]}
        >
          <div
            className="sc-hBMVcZ hiJaYW"
          >
            Job Reports2
          </div>
        </div>
        <div
          className="sc-ksluoS gNxkFq"
          onClick={[Function]}
          onMouseEnter={[Function]}
          onMouseLeave={[Function]}
        >
          <div
            className="sc-hBMVcZ hiJaYW"
          >
            Productivity Reports2
          </div>
        </div>
        <div
          className="sc-ksluoS gNxkFq"
          onClick={[Function]}
          onMouseEnter={[Function]}
          onMouseLeave={[Function]}
        >
          <div
            className="sc-hBMVcZ hiJaYW"
          >
            Shared3
          </div>
        </div>
        <div
          className="sc-ksluoS gNxkFq"
          onClick={[Function]}
          onMouseEnter={[Function]}
          onMouseLeave={[Function]}
        >
          <div
            className="sc-hBMVcZ hiJaYW"
          >
            Scheduled3
          </div>
        </div>
        <div
          className="sc-ksluoS gNxkFq"
          onClick={[Function]}
          onMouseEnter={[Function]}
          onMouseLeave={[Function]}
        >
          <div
            className="sc-hBMVcZ hiJaYW"
          >
            Job Reports3
          </div>
        </div>
        <div
          className="sc-ksluoS gNxkFq"
          onClick={[Function]}
          onMouseEnter={[Function]}
          onMouseLeave={[Function]}
        >
          <div
            className="sc-hBMVcZ hiJaYW"
          >
            Productivity Reports3
          </div>
        </div>
        <div
          className="sc-ksluoS gNxkFq"
          onClick={[Function]}
          onMouseEnter={[Function]}
          onMouseLeave={[Function]}
        >
          <div
            className="sc-hBMVcZ hiJaYW"
          >
            Shared4
          </div>
        </div>
        <div
          className="sc-ksluoS gNxkFq"
          onClick={[Function]}
          onMouseEnter={[Function]}
          onMouseLeave={[Function]}
        >
          <div
            className="sc-hBMVcZ hiJaYW"
          >
            Scheduled4
          </div>
        </div>
        <div
          className="sc-ksluoS gNxkFq"
          onClick={[Function]}
          onMouseEnter={[Function]}
          onMouseLeave={[Function]}
        >
          <div
            className="sc-hBMVcZ hiJaYW"
          >
            Job Reports4
          </div>
        </div>
        <div
          className="sc-ksluoS gNxkFq"
          onClick={[Function]}
          onMouseEnter={[Function]}
          onMouseLeave={[Function]}
        >
          <div
            className="sc-hBMVcZ hiJaYW"
          >
            Productivity Reports4
          </div>
        </div>
        <hr
          className="sc-bCwgka idxTGg"
        />
        <div
          style={
            Object {
              "color": "#777777",
              "marginLeft": 32,
            }
          }
        >
          Recently Deleted
        </div>
        <div />
      </div>
    </div>
  </div>
  <div>
    folders view
  </div>
</div>
`;
