// Jest Snapshot v1, https://goo.gl/fbAQLP

exports[`Modal renders correctly 1`] = `
<div
  className="sc-gtssRu eqKeKj"
>
  <div
    className="sc-dlnjPT fYNbyB"
  >
    <div
      className="sc-hKFyIo iyYxAx"
    >
      <div />
      <div
        className="sc-eCApGN dvxpGk"
      >
        title
      </div>
      <div
        className="sc-jSFkmK bIECDV"
      >
        <svg
          aria-hidden="true"
          className="svg-inline--fa fa-times fa-w-11 "
          color="#FFFFFF"
          data-icon="times"
          data-prefix="fas"
          focusable="false"
          onClick={[MockFunction]}
          role="img"
          style={Object {}}
          viewBox="0 0 352 512"
          xmlns="http://www.w3.org/2000/svg"
        >
          <path
            d="M242.72 256l100.07-100.07c12.28-12.28 12.28-32.19 0-44.48l-22.24-22.24c-12.28-12.28-32.19-12.28-44.48 0L176 189.28 75.93 89.21c-12.28-12.28-32.19-12.28-44.48 0L9.21 111.45c-12.28 12.28-12.28 32.19 0 44.48L109.28 256 9.21 356.07c-12.28 12.28-12.28 32.19 0 44.48l22.24 22.24c12.28 12.28 32.2 12.28 44.48 0L176 322.72l100.07 100.07c12.28 12.28 32.2 12.28 44.48 0l22.24-22.24c12.28-12.28 12.28-32.19 0-44.48L242.72 256z"
            fill="currentColor"
            style={Object {}}
          />
        </svg>
      </div>
    </div>
    <div
      className="sc-gKAblj cSoOjD"
    >
      <div
        className="sc-iCoHVE bWLRIE"
      >
        content
      </div>
      <div
        className="sc-fujyUd hkeMBa"
      >
        <button
          className="sc-bdnylx cqoqID"
          disabled={false}
          onClick={[MockFunction]}
          style={
            Object {
              "marginLeft": 4,
              "marginRight": 4,
            }
          }
        >
          Button
        </button>
      </div>
    </div>
  </div>
</div>
`;

exports[`Not Implemented yet is true 1`] = `
<div
  className="sc-gtssRu eqKeKj"
>
  <div
    className="sc-dlnjPT fYNbyB"
  >
    <div
      className="sc-hKFyIo iyYxAx"
    >
      <div />
      <div
        className="sc-eCApGN dvxpGk"
      >
        title
      </div>
      <div
        className="sc-jSFkmK bIECDV"
      >
        <svg
          aria-hidden="true"
          className="svg-inline--fa fa-times fa-w-11 "
          color="#FFFFFF"
          data-icon="times"
          data-prefix="fas"
          focusable="false"
          onClick={[MockFunction]}
          role="img"
          style={Object {}}
          viewBox="0 0 352 512"
          xmlns="http://www.w3.org/2000/svg"
        >
          <path
            d="M242.72 256l100.07-100.07c12.28-12.28 12.28-32.19 0-44.48l-22.24-22.24c-12.28-12.28-32.19-12.28-44.48 0L176 189.28 75.93 89.21c-12.28-12.28-32.19-12.28-44.48 0L9.21 111.45c-12.28 12.28-12.28 32.19 0 44.48L109.28 256 9.21 356.07c-12.28 12.28-12.28 32.19 0 44.48l22.24 22.24c12.28 12.28 32.2 12.28 44.48 0L176 322.72l100.07 100.07c12.28 12.28 32.2 12.28 44.48 0l22.24-22.24c12.28-12.28 12.28-32.19 0-44.48L242.72 256z"
            fill="currentColor"
            style={Object {}}
          />
        </svg>
      </div>
    </div>
    <div
      className="sc-gKAblj cSoOjD"
    >
      <div
        className="sc-iCoHVE bWLRIE"
      >
        content
      </div>
      <div
        className="sc-fujyUd hkeMBa"
      >
        <button
          className="sc-bdnylx cqoqID"
          disabled={false}
          onClick={[MockFunction]}
          style={
            Object {
              "marginLeft": 4,
              "marginRight": 4,
            }
          }
        >
          Button
        </button>
      </div>
    </div>
  </div>
</div>
`;
